<?xml version="1.0" encoding="UTF-8"?>
<testsuites name="Mocha Tests" time="3.570" tests="1" failures="0">
  <testsuite name="Root Suite" timestamp="2023-08-27T02:41:39" tests="0" file="cypress\e2e\Tests\spec.cy.js" time="0.000" failures="0">
  </testsuite>
  <testsuite name="empty spec" timestamp="2023-08-27T02:41:39" tests="1" time="3.539" failures="0">
    <testcase name="empty spec passes" time="0.610" classname="passes">
    </testcase>
  </testsuite>
</testsuites>